// Jest Snapshot v1, https://goo.gl/fbAQLP

exports[`renders without crashing 1`] = `
ShallowWrapper {
  Symbol(enzyme.__root__): [Circular],
  Symbol(enzyme.__unrendered__): <Contact />,
  Symbol(enzyme.__renderer__): Object {
    "batchedUpdates": [Function],
    "getNode": [Function],
    "render": [Function],
    "simulateError": [Function],
    "simulateEvent": [Function],
    "unmount": [Function],
  },
  Symbol(enzyme.__node__): Object {
    "instance": null,
    "key": undefined,
    "nodeType": "function",
    "props": Object {
      "children": Array [
        <PageTitle
          title="Coordonnées"
        />,
        <WrapperContent>
          <article
            className="hidden-mobile"
            id="todoList"
          >
            <h2>
              To Do List
            </h2>
            <ul>
              <li
                className="striked"
              >
                Bagues
              </li>
              <li
                className="striked"
              >
                Robe
              </li>
              <li>
                Fleurs
              </li>
              <li>
                Déco
              </li>
              <li>
                Quizz
              </li>
            </ul>
          </article>
          <article
            className="hidden-mobile"
            id="images"
          >
            <p>
              <img
                src="avion.png"
              />
            </p>
            <p>
              <img
                src="world.png"
              />
            </p>
          </article>
          <WrapperContent
            id="coordonnees"
          >
            <p>
              <span>
                Anouk POITEVIN :
              </span>
            </p>
            <ul>
              <li
                class="mail"
              >
                anouk.poitevin@gmail.com
              </li>
              <li
                class="phone"
              >
                06.85.28.45.72
              </li>
            </ul>
            <p>
              <span>
                Thibault RUARO :
              </span>
            </p>
            <ul>
              <li
                class="mail"
              >
                thibault.ruaro@gmail.com
              </li>
              <li
                class="phone"
              >
                06.25.56.27.53
              </li>
            </ul>
            <p>
              <span>
                Adresse :
              </span>
            </p>
            <ul>
              <li
                class="address"
              >
                10 route du Bouchet
                <br />
                74150 Rumilly
              </li>
            </ul>
          </WrapperContent>
        </WrapperContent>,
      ],
      "className": "Contact",
      "id": "Contact",
    },
    "ref": null,
    "rendered": Array [
      Object {
        "instance": null,
        "key": undefined,
        "nodeType": "function",
        "props": Object {
          "title": "Coordonnées",
        },
        "ref": null,
        "rendered": null,
        "type": [Function],
      },
      Object {
        "instance": null,
        "key": undefined,
        "nodeType": "function",
        "props": Object {
          "children": Array [
            <article
              className="hidden-mobile"
              id="todoList"
            >
              <h2>
                To Do List
              </h2>
              <ul>
                <li
                  className="striked"
                >
                  Bagues
                </li>
                <li
                  className="striked"
                >
                  Robe
                </li>
                <li>
                  Fleurs
                </li>
                <li>
                  Déco
                </li>
                <li>
                  Quizz
                </li>
              </ul>
            </article>,
            <article
              className="hidden-mobile"
              id="images"
            >
              <p>
                <img
                  src="avion.png"
                />
              </p>
              <p>
                <img
                  src="world.png"
                />
              </p>
            </article>,
            <WrapperContent
              id="coordonnees"
            >
              <p>
                <span>
                  Anouk POITEVIN :
                </span>
              </p>
              <ul>
                <li
                  class="mail"
                >
                  anouk.poitevin@gmail.com
                </li>
                <li
                  class="phone"
                >
                  06.85.28.45.72
                </li>
              </ul>
              <p>
                <span>
                  Thibault RUARO :
                </span>
              </p>
              <ul>
                <li
                  class="mail"
                >
                  thibault.ruaro@gmail.com
                </li>
                <li
                  class="phone"
                >
                  06.25.56.27.53
                </li>
              </ul>
              <p>
                <span>
                  Adresse :
                </span>
              </p>
              <ul>
                <li
                  class="address"
                >
                  10 route du Bouchet
                  <br />
                  74150 Rumilly
                </li>
              </ul>
            </WrapperContent>,
          ],
        },
        "ref": null,
        "rendered": Array [
          Object {
            "instance": null,
            "key": undefined,
            "nodeType": "host",
            "props": Object {
              "children": Array [
                <h2>
                  To Do List
                </h2>,
                <ul>
                  <li
                    className="striked"
                  >
                    Bagues
                  </li>
                  <li
                    className="striked"
                  >
                    Robe
                  </li>
                  <li>
                    Fleurs
                  </li>
                  <li>
                    Déco
                  </li>
                  <li>
                    Quizz
                  </li>
                </ul>,
              ],
              "className": "hidden-mobile",
              "id": "todoList",
            },
            "ref": null,
            "rendered": Array [
              Object {
                "instance": null,
                "key": undefined,
                "nodeType": "host",
                "props": Object {
                  "children": "To Do List",
                },
                "ref": null,
                "rendered": "To Do List",
                "type": "h2",
              },
              Object {
                "instance": null,
                "key": undefined,
                "nodeType": "host",
                "props": Object {
                  "children": Array [
                    <li
                      className="striked"
                    >
                      Bagues
                    </li>,
                    <li
                      className="striked"
                    >
                      Robe
                    </li>,
                    <li>
                      Fleurs
                    </li>,
                    <li>
                      Déco
                    </li>,
                    <li>
                      Quizz
                    </li>,
                  ],
                },
                "ref": null,
                "rendered": Array [
                  Object {
                    "instance": null,
                    "key": undefined,
                    "nodeType": "host",
                    "props": Object {
                      "children": "Bagues",
                      "className": "striked",
                    },
                    "ref": null,
                    "rendered": "Bagues",
                    "type": "li",
                  },
                  Object {
                    "instance": null,
                    "key": undefined,
                    "nodeType": "host",
                    "props": Object {
                      "children": "Robe",
                      "className": "striked",
                    },
                    "ref": null,
                    "rendered": "Robe",
                    "type": "li",
                  },
                  Object {
                    "instance": null,
                    "key": undefined,
                    "nodeType": "host",
                    "props": Object {
                      "children": "Fleurs",
                    },
                    "ref": null,
                    "rendered": "Fleurs",
                    "type": "li",
                  },
                  Object {
                    "instance": null,
                    "key": undefined,
                    "nodeType": "host",
                    "props": Object {
                      "children": "Déco",
                    },
                    "ref": null,
                    "rendered": "Déco",
                    "type": "li",
                  },
                  Object {
                    "instance": null,
                    "key": undefined,
                    "nodeType": "host",
                    "props": Object {
                      "children": "Quizz",
                    },
                    "ref": null,
                    "rendered": "Quizz",
                    "type": "li",
                  },
                ],
                "type": "ul",
              },
            ],
            "type": "article",
          },
          Object {
            "instance": null,
            "key": undefined,
            "nodeType": "host",
            "props": Object {
              "children": Array [
                <p>
                  <img
                    src="avion.png"
                  />
                </p>,
                <p>
                  <img
                    src="world.png"
                  />
                </p>,
              ],
              "className": "hidden-mobile",
              "id": "images",
            },
            "ref": null,
            "rendered": Array [
              Object {
                "instance": null,
                "key": undefined,
                "nodeType": "host",
                "props": Object {
                  "children": <img
                    src="avion.png"
                  />,
                },
                "ref": null,
                "rendered": Object {
                  "instance": null,
                  "key": undefined,
                  "nodeType": "host",
                  "props": Object {
                    "src": "avion.png",
                  },
                  "ref": null,
                  "rendered": null,
                  "type": "img",
                },
                "type": "p",
              },
              Object {
                "instance": null,
                "key": undefined,
                "nodeType": "host",
                "props": Object {
                  "children": <img
                    src="world.png"
                  />,
                },
                "ref": null,
                "rendered": Object {
                  "instance": null,
                  "key": undefined,
                  "nodeType": "host",
                  "props": Object {
                    "src": "world.png",
                  },
                  "ref": null,
                  "rendered": null,
                  "type": "img",
                },
                "type": "p",
              },
            ],
            "type": "article",
          },
          Object {
            "instance": null,
            "key": undefined,
            "nodeType": "function",
            "props": Object {
              "children": Array [
                <p>
                  <span>
                    Anouk POITEVIN :
                  </span>
                </p>,
                <ul>
                  <li
                    class="mail"
                  >
                    anouk.poitevin@gmail.com
                  </li>
                  <li
                    class="phone"
                  >
                    06.85.28.45.72
                  </li>
                </ul>,
                <p>
                  <span>
                    Thibault RUARO :
                  </span>
                </p>,
                <ul>
                  <li
                    class="mail"
                  >
                    thibault.ruaro@gmail.com
                  </li>
                  <li
                    class="phone"
                  >
                    06.25.56.27.53
                  </li>
                </ul>,
                <p>
                  <span>
                    Adresse :
                  </span>
                </p>,
                <ul>
                  <li
                    class="address"
                  >
                    10 route du Bouchet
                    <br />
                    74150 Rumilly
                  </li>
                </ul>,
              ],
              "id": "coordonnees",
            },
            "ref": null,
            "rendered": Array [
              Object {
                "instance": null,
                "key": undefined,
                "nodeType": "host",
                "props": Object {
                  "children": <span>
                    Anouk POITEVIN :
                  </span>,
                },
                "ref": null,
                "rendered": Object {
                  "instance": null,
                  "key": undefined,
                  "nodeType": "host",
                  "props": Object {
                    "children": "Anouk POITEVIN :",
                  },
                  "ref": null,
                  "rendered": "Anouk POITEVIN :",
                  "type": "span",
                },
                "type": "p",
              },
              Object {
                "instance": null,
                "key": undefined,
                "nodeType": "host",
                "props": Object {
                  "children": Array [
                    <li
                      class="mail"
                    >
                      anouk.poitevin@gmail.com
                    </li>,
                    <li
                      class="phone"
                    >
                      06.85.28.45.72
                    </li>,
                  ],
                },
                "ref": null,
                "rendered": Array [
                  Object {
                    "instance": null,
                    "key": undefined,
                    "nodeType": "host",
                    "props": Object {
                      "children": "anouk.poitevin@gmail.com",
                      "class": "mail",
                    },
                    "ref": null,
                    "rendered": "anouk.poitevin@gmail.com",
                    "type": "li",
                  },
                  Object {
                    "instance": null,
                    "key": undefined,
                    "nodeType": "host",
                    "props": Object {
                      "children": "06.85.28.45.72",
                      "class": "phone",
                    },
                    "ref": null,
                    "rendered": "06.85.28.45.72",
                    "type": "li",
                  },
                ],
                "type": "ul",
              },
              Object {
                "instance": null,
                "key": undefined,
                "nodeType": "host",
                "props": Object {
                  "children": <span>
                    Thibault RUARO :
                  </span>,
                },
                "ref": null,
                "rendered": Object {
                  "instance": null,
                  "key": undefined,
                  "nodeType": "host",
                  "props": Object {
                    "children": "Thibault RUARO :",
                  },
                  "ref": null,
                  "rendered": "Thibault RUARO :",
                  "type": "span",
                },
                "type": "p",
              },
              Object {
                "instance": null,
                "key": undefined,
                "nodeType": "host",
                "props": Object {
                  "children": Array [
                    <li
                      class="mail"
                    >
                      thibault.ruaro@gmail.com
                    </li>,
                    <li
                      class="phone"
                    >
                      06.25.56.27.53
                    </li>,
                  ],
                },
                "ref": null,
                "rendered": Array [
                  Object {
                    "instance": null,
                    "key": undefined,
                    "nodeType": "host",
                    "props": Object {
                      "children": "thibault.ruaro@gmail.com",
                      "class": "mail",
                    },
                    "ref": null,
                    "rendered": "thibault.ruaro@gmail.com",
                    "type": "li",
                  },
                  Object {
                    "instance": null,
                    "key": undefined,
                    "nodeType": "host",
                    "props": Object {
                      "children": "06.25.56.27.53",
                      "class": "phone",
                    },
                    "ref": null,
                    "rendered": "06.25.56.27.53",
                    "type": "li",
                  },
                ],
                "type": "ul",
              },
              Object {
                "instance": null,
                "key": undefined,
                "nodeType": "host",
                "props": Object {
                  "children": <span>
                    Adresse :
                  </span>,
                },
                "ref": null,
                "rendered": Object {
                  "instance": null,
                  "key": undefined,
                  "nodeType": "host",
                  "props": Object {
                    "children": "Adresse :",
                  },
                  "ref": null,
                  "rendered": "Adresse :",
                  "type": "span",
                },
                "type": "p",
              },
              Object {
                "instance": null,
                "key": undefined,
                "nodeType": "host",
                "props": Object {
                  "children": <li
                    class="address"
                  >
                    10 route du Bouchet
                    <br />
                    74150 Rumilly
                  </li>,
                },
                "ref": null,
                "rendered": Object {
                  "instance": null,
                  "key": undefined,
                  "nodeType": "host",
                  "props": Object {
                    "children": Array [
                      "10 route du Bouchet",
                      <br />,
                      "74150 Rumilly",
                    ],
                    "class": "address",
                  },
                  "ref": null,
                  "rendered": Array [
                    "10 route du Bouchet",
                    Object {
                      "instance": null,
                      "key": undefined,
                      "nodeType": "host",
                      "props": Object {},
                      "ref": null,
                      "rendered": null,
                      "type": "br",
                    },
                    "74150 Rumilly",
                  ],
                  "type": "li",
                },
                "type": "ul",
              },
            ],
            "type": [Function],
          },
        ],
        "type": [Function],
      },
    ],
    "type": [Function],
  },
  Symbol(enzyme.__nodes__): Array [
    Object {
      "instance": null,
      "key": undefined,
      "nodeType": "function",
      "props": Object {
        "children": Array [
          <PageTitle
            title="Coordonnées"
          />,
          <WrapperContent>
            <article
              className="hidden-mobile"
              id="todoList"
            >
              <h2>
                To Do List
              </h2>
              <ul>
                <li
                  className="striked"
                >
                  Bagues
                </li>
                <li
                  className="striked"
                >
                  Robe
                </li>
                <li>
                  Fleurs
                </li>
                <li>
                  Déco
                </li>
                <li>
                  Quizz
                </li>
              </ul>
            </article>
            <article
              className="hidden-mobile"
              id="images"
            >
              <p>
                <img
                  src="avion.png"
                />
              </p>
              <p>
                <img
                  src="world.png"
                />
              </p>
            </article>
            <WrapperContent
              id="coordonnees"
            >
              <p>
                <span>
                  Anouk POITEVIN :
                </span>
              </p>
              <ul>
                <li
                  class="mail"
                >
                  anouk.poitevin@gmail.com
                </li>
                <li
                  class="phone"
                >
                  06.85.28.45.72
                </li>
              </ul>
              <p>
                <span>
                  Thibault RUARO :
                </span>
              </p>
              <ul>
                <li
                  class="mail"
                >
                  thibault.ruaro@gmail.com
                </li>
                <li
                  class="phone"
                >
                  06.25.56.27.53
                </li>
              </ul>
              <p>
                <span>
                  Adresse :
                </span>
              </p>
              <ul>
                <li
                  class="address"
                >
                  10 route du Bouchet
                  <br />
                  74150 Rumilly
                </li>
              </ul>
            </WrapperContent>
          </WrapperContent>,
        ],
        "className": "Contact",
        "id": "Contact",
      },
      "ref": null,
      "rendered": Array [
        Object {
          "instance": null,
          "key": undefined,
          "nodeType": "function",
          "props": Object {
            "title": "Coordonnées",
          },
          "ref": null,
          "rendered": null,
          "type": [Function],
        },
        Object {
          "instance": null,
          "key": undefined,
          "nodeType": "function",
          "props": Object {
            "children": Array [
              <article
                className="hidden-mobile"
                id="todoList"
              >
                <h2>
                  To Do List
                </h2>
                <ul>
                  <li
                    className="striked"
                  >
                    Bagues
                  </li>
                  <li
                    className="striked"
                  >
                    Robe
                  </li>
                  <li>
                    Fleurs
                  </li>
                  <li>
                    Déco
                  </li>
                  <li>
                    Quizz
                  </li>
                </ul>
              </article>,
              <article
                className="hidden-mobile"
                id="images"
              >
                <p>
                  <img
                    src="avion.png"
                  />
                </p>
                <p>
                  <img
                    src="world.png"
                  />
                </p>
              </article>,
              <WrapperContent
                id="coordonnees"
              >
                <p>
                  <span>
                    Anouk POITEVIN :
                  </span>
                </p>
                <ul>
                  <li
                    class="mail"
                  >
                    anouk.poitevin@gmail.com
                  </li>
                  <li
                    class="phone"
                  >
                    06.85.28.45.72
                  </li>
                </ul>
                <p>
                  <span>
                    Thibault RUARO :
                  </span>
                </p>
                <ul>
                  <li
                    class="mail"
                  >
                    thibault.ruaro@gmail.com
                  </li>
                  <li
                    class="phone"
                  >
                    06.25.56.27.53
                  </li>
                </ul>
                <p>
                  <span>
                    Adresse :
                  </span>
                </p>
                <ul>
                  <li
                    class="address"
                  >
                    10 route du Bouchet
                    <br />
                    74150 Rumilly
                  </li>
                </ul>
              </WrapperContent>,
            ],
          },
          "ref": null,
          "rendered": Array [
            Object {
              "instance": null,
              "key": undefined,
              "nodeType": "host",
              "props": Object {
                "children": Array [
                  <h2>
                    To Do List
                  </h2>,
                  <ul>
                    <li
                      className="striked"
                    >
                      Bagues
                    </li>
                    <li
                      className="striked"
                    >
                      Robe
                    </li>
                    <li>
                      Fleurs
                    </li>
                    <li>
                      Déco
                    </li>
                    <li>
                      Quizz
                    </li>
                  </ul>,
                ],
                "className": "hidden-mobile",
                "id": "todoList",
              },
              "ref": null,
              "rendered": Array [
                Object {
                  "instance": null,
                  "key": undefined,
                  "nodeType": "host",
                  "props": Object {
                    "children": "To Do List",
                  },
                  "ref": null,
                  "rendered": "To Do List",
                  "type": "h2",
                },
                Object {
                  "instance": null,
                  "key": undefined,
                  "nodeType": "host",
                  "props": Object {
                    "children": Array [
                      <li
                        className="striked"
                      >
                        Bagues
                      </li>,
                      <li
                        className="striked"
                      >
                        Robe
                      </li>,
                      <li>
                        Fleurs
                      </li>,
                      <li>
                        Déco
                      </li>,
                      <li>
                        Quizz
                      </li>,
                    ],
                  },
                  "ref": null,
                  "rendered": Array [
                    Object {
                      "instance": null,
                      "key": undefined,
                      "nodeType": "host",
                      "props": Object {
                        "children": "Bagues",
                        "className": "striked",
                      },
                      "ref": null,
                      "rendered": "Bagues",
                      "type": "li",
                    },
                    Object {
                      "instance": null,
                      "key": undefined,
                      "nodeType": "host",
                      "props": Object {
                        "children": "Robe",
                        "className": "striked",
                      },
                      "ref": null,
                      "rendered": "Robe",
                      "type": "li",
                    },
                    Object {
                      "instance": null,
                      "key": undefined,
                      "nodeType": "host",
                      "props": Object {
                        "children": "Fleurs",
                      },
                      "ref": null,
                      "rendered": "Fleurs",
                      "type": "li",
                    },
                    Object {
                      "instance": null,
                      "key": undefined,
                      "nodeType": "host",
                      "props": Object {
                        "children": "Déco",
                      },
                      "ref": null,
                      "rendered": "Déco",
                      "type": "li",
                    },
                    Object {
                      "instance": null,
                      "key": undefined,
                      "nodeType": "host",
                      "props": Object {
                        "children": "Quizz",
                      },
                      "ref": null,
                      "rendered": "Quizz",
                      "type": "li",
                    },
                  ],
                  "type": "ul",
                },
              ],
              "type": "article",
            },
            Object {
              "instance": null,
              "key": undefined,
              "nodeType": "host",
              "props": Object {
                "children": Array [
                  <p>
                    <img
                      src="avion.png"
                    />
                  </p>,
                  <p>
                    <img
                      src="world.png"
                    />
                  </p>,
                ],
                "className": "hidden-mobile",
                "id": "images",
              },
              "ref": null,
              "rendered": Array [
                Object {
                  "instance": null,
                  "key": undefined,
                  "nodeType": "host",
                  "props": Object {
                    "children": <img
                      src="avion.png"
                    />,
                  },
                  "ref": null,
                  "rendered": Object {
                    "instance": null,
                    "key": undefined,
                    "nodeType": "host",
                    "props": Object {
                      "src": "avion.png",
                    },
                    "ref": null,
                    "rendered": null,
                    "type": "img",
                  },
                  "type": "p",
                },
                Object {
                  "instance": null,
                  "key": undefined,
                  "nodeType": "host",
                  "props": Object {
                    "children": <img
                      src="world.png"
                    />,
                  },
                  "ref": null,
                  "rendered": Object {
                    "instance": null,
                    "key": undefined,
                    "nodeType": "host",
                    "props": Object {
                      "src": "world.png",
                    },
                    "ref": null,
                    "rendered": null,
                    "type": "img",
                  },
                  "type": "p",
                },
              ],
              "type": "article",
            },
            Object {
              "instance": null,
              "key": undefined,
              "nodeType": "function",
              "props": Object {
                "children": Array [
                  <p>
                    <span>
                      Anouk POITEVIN :
                    </span>
                  </p>,
                  <ul>
                    <li
                      class="mail"
                    >
                      anouk.poitevin@gmail.com
                    </li>
                    <li
                      class="phone"
                    >
                      06.85.28.45.72
                    </li>
                  </ul>,
                  <p>
                    <span>
                      Thibault RUARO :
                    </span>
                  </p>,
                  <ul>
                    <li
                      class="mail"
                    >
                      thibault.ruaro@gmail.com
                    </li>
                    <li
                      class="phone"
                    >
                      06.25.56.27.53
                    </li>
                  </ul>,
                  <p>
                    <span>
                      Adresse :
                    </span>
                  </p>,
                  <ul>
                    <li
                      class="address"
                    >
                      10 route du Bouchet
                      <br />
                      74150 Rumilly
                    </li>
                  </ul>,
                ],
                "id": "coordonnees",
              },
              "ref": null,
              "rendered": Array [
                Object {
                  "instance": null,
                  "key": undefined,
                  "nodeType": "host",
                  "props": Object {
                    "children": <span>
                      Anouk POITEVIN :
                    </span>,
                  },
                  "ref": null,
                  "rendered": Object {
                    "instance": null,
                    "key": undefined,
                    "nodeType": "host",
                    "props": Object {
                      "children": "Anouk POITEVIN :",
                    },
                    "ref": null,
                    "rendered": "Anouk POITEVIN :",
                    "type": "span",
                  },
                  "type": "p",
                },
                Object {
                  "instance": null,
                  "key": undefined,
                  "nodeType": "host",
                  "props": Object {
                    "children": Array [
                      <li
                        class="mail"
                      >
                        anouk.poitevin@gmail.com
                      </li>,
                      <li
                        class="phone"
                      >
                        06.85.28.45.72
                      </li>,
                    ],
                  },
                  "ref": null,
                  "rendered": Array [
                    Object {
                      "instance": null,
                      "key": undefined,
                      "nodeType": "host",
                      "props": Object {
                        "children": "anouk.poitevin@gmail.com",
                        "class": "mail",
                      },
                      "ref": null,
                      "rendered": "anouk.poitevin@gmail.com",
                      "type": "li",
                    },
                    Object {
                      "instance": null,
                      "key": undefined,
                      "nodeType": "host",
                      "props": Object {
                        "children": "06.85.28.45.72",
                        "class": "phone",
                      },
                      "ref": null,
                      "rendered": "06.85.28.45.72",
                      "type": "li",
                    },
                  ],
                  "type": "ul",
                },
                Object {
                  "instance": null,
                  "key": undefined,
                  "nodeType": "host",
                  "props": Object {
                    "children": <span>
                      Thibault RUARO :
                    </span>,
                  },
                  "ref": null,
                  "rendered": Object {
                    "instance": null,
                    "key": undefined,
                    "nodeType": "host",
                    "props": Object {
                      "children": "Thibault RUARO :",
                    },
                    "ref": null,
                    "rendered": "Thibault RUARO :",
                    "type": "span",
                  },
                  "type": "p",
                },
                Object {
                  "instance": null,
                  "key": undefined,
                  "nodeType": "host",
                  "props": Object {
                    "children": Array [
                      <li
                        class="mail"
                      >
                        thibault.ruaro@gmail.com
                      </li>,
                      <li
                        class="phone"
                      >
                        06.25.56.27.53
                      </li>,
                    ],
                  },
                  "ref": null,
                  "rendered": Array [
                    Object {
                      "instance": null,
                      "key": undefined,
                      "nodeType": "host",
                      "props": Object {
                        "children": "thibault.ruaro@gmail.com",
                        "class": "mail",
                      },
                      "ref": null,
                      "rendered": "thibault.ruaro@gmail.com",
                      "type": "li",
                    },
                    Object {
                      "instance": null,
                      "key": undefined,
                      "nodeType": "host",
                      "props": Object {
                        "children": "06.25.56.27.53",
                        "class": "phone",
                      },
                      "ref": null,
                      "rendered": "06.25.56.27.53",
                      "type": "li",
                    },
                  ],
                  "type": "ul",
                },
                Object {
                  "instance": null,
                  "key": undefined,
                  "nodeType": "host",
                  "props": Object {
                    "children": <span>
                      Adresse :
                    </span>,
                  },
                  "ref": null,
                  "rendered": Object {
                    "instance": null,
                    "key": undefined,
                    "nodeType": "host",
                    "props": Object {
                      "children": "Adresse :",
                    },
                    "ref": null,
                    "rendered": "Adresse :",
                    "type": "span",
                  },
                  "type": "p",
                },
                Object {
                  "instance": null,
                  "key": undefined,
                  "nodeType": "host",
                  "props": Object {
                    "children": <li
                      class="address"
                    >
                      10 route du Bouchet
                      <br />
                      74150 Rumilly
                    </li>,
                  },
                  "ref": null,
                  "rendered": Object {
                    "instance": null,
                    "key": undefined,
                    "nodeType": "host",
                    "props": Object {
                      "children": Array [
                        "10 route du Bouchet",
                        <br />,
                        "74150 Rumilly",
                      ],
                      "class": "address",
                    },
                    "ref": null,
                    "rendered": Array [
                      "10 route du Bouchet",
                      Object {
                        "instance": null,
                        "key": undefined,
                        "nodeType": "host",
                        "props": Object {},
                        "ref": null,
                        "rendered": null,
                        "type": "br",
                      },
                      "74150 Rumilly",
                    ],
                    "type": "li",
                  },
                  "type": "ul",
                },
              ],
              "type": [Function],
            },
          ],
          "type": [Function],
        },
      ],
      "type": [Function],
    },
  ],
  Symbol(enzyme.__options__): Object {
    "adapter": ReactSixteenAdapter {
      "options": Object {
        "enableComponentDidUpdateOnSetState": true,
        "lifecycles": Object {
          "componentDidUpdate": Object {
            "onSetState": true,
          },
          "getDerivedStateFromProps": true,
          "getSnapshotBeforeUpdate": true,
          "setState": Object {
            "skipsComponentDidUpdateOnNullish": true,
          },
        },
      },
    },
  },
}
`;
