// Jest Snapshot v1, https://goo.gl/fbAQLP

exports[`renders without crashing 1`] = `
ShallowWrapper {
  Symbol(enzyme.__root__): [Circular],
  Symbol(enzyme.__unrendered__): <JourJ />,
  Symbol(enzyme.__renderer__): Object {
    "batchedUpdates": [Function],
    "getNode": [Function],
    "render": [Function],
    "simulateError": [Function],
    "simulateEvent": [Function],
    "unmount": [Function],
  },
  Symbol(enzyme.__node__): Object {
    "instance": null,
    "key": undefined,
    "nodeType": "function",
    "props": Object {
      "children": Array [
        <PageTitle
          title="Le Jour J"
        />,
        <Carousel
          activeIndex={0}
          interval={false}
          keyboard={true}
          next={[Function]}
          pause="hover"
          previous={[Function]}
          slide={true}
        >
          <CarouselIndicators
            activeIndex={0}
            items={
              Array [
                Object {
                  "category": 1,
                  "header": "Anouk & Thibault",
                  "key": 1,
                  "picture": "union.jpg",
                  "text": "S’unissent pour le meilleur et pour le pire le 31 Août 2019 au domaine de Saint-Jean de Chépy",
                },
                Object {
                  "category": 1,
                  "header": "Cérémonie",
                  "key": 2,
                  "picture": "ceremonie.jpg",
                  "text": "Nous vous donnons rendez-vous à 10h45 au domaine de Saint-Jean de Chépy. La cérémonie débutera à 11h00 sous le chapiteau",
                },
                Object {
                  "category": 1,
                  "header": "Le vin d'honneur",
                  "key": 3,
                  "picture": "vin-honneur.jpg",
                  "text": "Se déroulera de 13h00 à 15h00. Une activité « guest book » aura lieu dans l’après-midi. Nous aimerions que chaque invité, couple, famille apporte une photo qui lui est chère",
                },
                Object {
                  "category": 1,
                  "header": "Activités sportives",
                  "key": 4,
                  "picture": "sport.jpg",
                  "text": "De 15h00 à 18h00. N’oubliez pas de prévoir une tenue adéquate (Vestiaire et douches sur place)",
                },
                Object {
                  "category": 2,
                  "header": "Diner",
                  "key": 5,
                  "picture": "diner.jpg",
                  "text": "Vous pourrez vous installer dans la salle principale à partir de 19h00. Nous vous proposons de déguster un repas 100% végétarien",
                },
                Object {
                  "category": 2,
                  "header": "Soirée",
                  "key": 6,
                  "picture": "soiree.jpg",
                  "text": "C'est le moment d’enflammer la piste de danse ! Les festivités s’arrêteront vers 4h00 (N'oubliez pas de consulter la page hébergements pour savoir ou dormir)",
                },
                Object {
                  "category": 3,
                  "header": "Brunch",
                  "key": 7,
                  "picture": "brunch.jpg",
                  "text": "Dimanche 1 Septembre à partir de 11h00. La journée sera placée sous le thème de la détente. N’oubliez pas vos maillots de bain",
                },
              ]
            }
            onClickHandler={[Function]}
          />
          <CarouselControl
            direction="prev"
            directionText="Previous"
            onClickHandler={[Function]}
          />
          <CarouselControl
            direction="next"
            directionText="Next"
            onClickHandler={[Function]}
          />
        </Carousel>,
      ],
      "className": "JourJ",
      "id": "JourJ",
    },
    "ref": null,
    "rendered": Array [
      Object {
        "instance": null,
        "key": undefined,
        "nodeType": "function",
        "props": Object {
          "title": "Le Jour J",
        },
        "ref": null,
        "rendered": null,
        "type": [Function],
      },
      Object {
        "instance": null,
        "key": undefined,
        "nodeType": "class",
        "props": Object {
          "activeIndex": 0,
          "children": Array [
            <CarouselIndicators
              activeIndex={0}
              items={
                Array [
                  Object {
                    "category": 1,
                    "header": "Anouk & Thibault",
                    "key": 1,
                    "picture": "union.jpg",
                    "text": "S’unissent pour le meilleur et pour le pire le 31 Août 2019 au domaine de Saint-Jean de Chépy",
                  },
                  Object {
                    "category": 1,
                    "header": "Cérémonie",
                    "key": 2,
                    "picture": "ceremonie.jpg",
                    "text": "Nous vous donnons rendez-vous à 10h45 au domaine de Saint-Jean de Chépy. La cérémonie débutera à 11h00 sous le chapiteau",
                  },
                  Object {
                    "category": 1,
                    "header": "Le vin d'honneur",
                    "key": 3,
                    "picture": "vin-honneur.jpg",
                    "text": "Se déroulera de 13h00 à 15h00. Une activité « guest book » aura lieu dans l’après-midi. Nous aimerions que chaque invité, couple, famille apporte une photo qui lui est chère",
                  },
                  Object {
                    "category": 1,
                    "header": "Activités sportives",
                    "key": 4,
                    "picture": "sport.jpg",
                    "text": "De 15h00 à 18h00. N’oubliez pas de prévoir une tenue adéquate (Vestiaire et douches sur place)",
                  },
                  Object {
                    "category": 2,
                    "header": "Diner",
                    "key": 5,
                    "picture": "diner.jpg",
                    "text": "Vous pourrez vous installer dans la salle principale à partir de 19h00. Nous vous proposons de déguster un repas 100% végétarien",
                  },
                  Object {
                    "category": 2,
                    "header": "Soirée",
                    "key": 6,
                    "picture": "soiree.jpg",
                    "text": "C'est le moment d’enflammer la piste de danse ! Les festivités s’arrêteront vers 4h00 (N'oubliez pas de consulter la page hébergements pour savoir ou dormir)",
                  },
                  Object {
                    "category": 3,
                    "header": "Brunch",
                    "key": 7,
                    "picture": "brunch.jpg",
                    "text": "Dimanche 1 Septembre à partir de 11h00. La journée sera placée sous le thème de la détente. N’oubliez pas vos maillots de bain",
                  },
                ]
              }
              onClickHandler={[Function]}
            />,
            Array [],
            <CarouselControl
              direction="prev"
              directionText="Previous"
              onClickHandler={[Function]}
            />,
            <CarouselControl
              direction="next"
              directionText="Next"
              onClickHandler={[Function]}
            />,
          ],
          "interval": false,
          "keyboard": true,
          "next": [Function],
          "pause": "hover",
          "previous": [Function],
          "slide": true,
        },
        "ref": null,
        "rendered": Array [
          Object {
            "instance": null,
            "key": undefined,
            "nodeType": "function",
            "props": Object {
              "activeIndex": 0,
              "items": Array [
                Object {
                  "category": 1,
                  "header": "Anouk & Thibault",
                  "key": 1,
                  "picture": "union.jpg",
                  "text": "S’unissent pour le meilleur et pour le pire le 31 Août 2019 au domaine de Saint-Jean de Chépy",
                },
                Object {
                  "category": 1,
                  "header": "Cérémonie",
                  "key": 2,
                  "picture": "ceremonie.jpg",
                  "text": "Nous vous donnons rendez-vous à 10h45 au domaine de Saint-Jean de Chépy. La cérémonie débutera à 11h00 sous le chapiteau",
                },
                Object {
                  "category": 1,
                  "header": "Le vin d'honneur",
                  "key": 3,
                  "picture": "vin-honneur.jpg",
                  "text": "Se déroulera de 13h00 à 15h00. Une activité « guest book » aura lieu dans l’après-midi. Nous aimerions que chaque invité, couple, famille apporte une photo qui lui est chère",
                },
                Object {
                  "category": 1,
                  "header": "Activités sportives",
                  "key": 4,
                  "picture": "sport.jpg",
                  "text": "De 15h00 à 18h00. N’oubliez pas de prévoir une tenue adéquate (Vestiaire et douches sur place)",
                },
                Object {
                  "category": 2,
                  "header": "Diner",
                  "key": 5,
                  "picture": "diner.jpg",
                  "text": "Vous pourrez vous installer dans la salle principale à partir de 19h00. Nous vous proposons de déguster un repas 100% végétarien",
                },
                Object {
                  "category": 2,
                  "header": "Soirée",
                  "key": 6,
                  "picture": "soiree.jpg",
                  "text": "C'est le moment d’enflammer la piste de danse ! Les festivités s’arrêteront vers 4h00 (N'oubliez pas de consulter la page hébergements pour savoir ou dormir)",
                },
                Object {
                  "category": 3,
                  "header": "Brunch",
                  "key": 7,
                  "picture": "brunch.jpg",
                  "text": "Dimanche 1 Septembre à partir de 11h00. La journée sera placée sous le thème de la détente. N’oubliez pas vos maillots de bain",
                },
              ],
              "onClickHandler": [Function],
            },
            "ref": null,
            "rendered": null,
            "type": [Function],
          },
          Object {
            "instance": null,
            "key": undefined,
            "nodeType": "function",
            "props": Object {
              "direction": "prev",
              "directionText": "Previous",
              "onClickHandler": [Function],
            },
            "ref": null,
            "rendered": null,
            "type": [Function],
          },
          Object {
            "instance": null,
            "key": undefined,
            "nodeType": "function",
            "props": Object {
              "direction": "next",
              "directionText": "Next",
              "onClickHandler": [Function],
            },
            "ref": null,
            "rendered": null,
            "type": [Function],
          },
        ],
        "type": [Function],
      },
    ],
    "type": [Function],
  },
  Symbol(enzyme.__nodes__): Array [
    Object {
      "instance": null,
      "key": undefined,
      "nodeType": "function",
      "props": Object {
        "children": Array [
          <PageTitle
            title="Le Jour J"
          />,
          <Carousel
            activeIndex={0}
            interval={false}
            keyboard={true}
            next={[Function]}
            pause="hover"
            previous={[Function]}
            slide={true}
          >
            <CarouselIndicators
              activeIndex={0}
              items={
                Array [
                  Object {
                    "category": 1,
                    "header": "Anouk & Thibault",
                    "key": 1,
                    "picture": "union.jpg",
                    "text": "S’unissent pour le meilleur et pour le pire le 31 Août 2019 au domaine de Saint-Jean de Chépy",
                  },
                  Object {
                    "category": 1,
                    "header": "Cérémonie",
                    "key": 2,
                    "picture": "ceremonie.jpg",
                    "text": "Nous vous donnons rendez-vous à 10h45 au domaine de Saint-Jean de Chépy. La cérémonie débutera à 11h00 sous le chapiteau",
                  },
                  Object {
                    "category": 1,
                    "header": "Le vin d'honneur",
                    "key": 3,
                    "picture": "vin-honneur.jpg",
                    "text": "Se déroulera de 13h00 à 15h00. Une activité « guest book » aura lieu dans l’après-midi. Nous aimerions que chaque invité, couple, famille apporte une photo qui lui est chère",
                  },
                  Object {
                    "category": 1,
                    "header": "Activités sportives",
                    "key": 4,
                    "picture": "sport.jpg",
                    "text": "De 15h00 à 18h00. N’oubliez pas de prévoir une tenue adéquate (Vestiaire et douches sur place)",
                  },
                  Object {
                    "category": 2,
                    "header": "Diner",
                    "key": 5,
                    "picture": "diner.jpg",
                    "text": "Vous pourrez vous installer dans la salle principale à partir de 19h00. Nous vous proposons de déguster un repas 100% végétarien",
                  },
                  Object {
                    "category": 2,
                    "header": "Soirée",
                    "key": 6,
                    "picture": "soiree.jpg",
                    "text": "C'est le moment d’enflammer la piste de danse ! Les festivités s’arrêteront vers 4h00 (N'oubliez pas de consulter la page hébergements pour savoir ou dormir)",
                  },
                  Object {
                    "category": 3,
                    "header": "Brunch",
                    "key": 7,
                    "picture": "brunch.jpg",
                    "text": "Dimanche 1 Septembre à partir de 11h00. La journée sera placée sous le thème de la détente. N’oubliez pas vos maillots de bain",
                  },
                ]
              }
              onClickHandler={[Function]}
            />
            <CarouselControl
              direction="prev"
              directionText="Previous"
              onClickHandler={[Function]}
            />
            <CarouselControl
              direction="next"
              directionText="Next"
              onClickHandler={[Function]}
            />
          </Carousel>,
        ],
        "className": "JourJ",
        "id": "JourJ",
      },
      "ref": null,
      "rendered": Array [
        Object {
          "instance": null,
          "key": undefined,
          "nodeType": "function",
          "props": Object {
            "title": "Le Jour J",
          },
          "ref": null,
          "rendered": null,
          "type": [Function],
        },
        Object {
          "instance": null,
          "key": undefined,
          "nodeType": "class",
          "props": Object {
            "activeIndex": 0,
            "children": Array [
              <CarouselIndicators
                activeIndex={0}
                items={
                  Array [
                    Object {
                      "category": 1,
                      "header": "Anouk & Thibault",
                      "key": 1,
                      "picture": "union.jpg",
                      "text": "S’unissent pour le meilleur et pour le pire le 31 Août 2019 au domaine de Saint-Jean de Chépy",
                    },
                    Object {
                      "category": 1,
                      "header": "Cérémonie",
                      "key": 2,
                      "picture": "ceremonie.jpg",
                      "text": "Nous vous donnons rendez-vous à 10h45 au domaine de Saint-Jean de Chépy. La cérémonie débutera à 11h00 sous le chapiteau",
                    },
                    Object {
                      "category": 1,
                      "header": "Le vin d'honneur",
                      "key": 3,
                      "picture": "vin-honneur.jpg",
                      "text": "Se déroulera de 13h00 à 15h00. Une activité « guest book » aura lieu dans l’après-midi. Nous aimerions que chaque invité, couple, famille apporte une photo qui lui est chère",
                    },
                    Object {
                      "category": 1,
                      "header": "Activités sportives",
                      "key": 4,
                      "picture": "sport.jpg",
                      "text": "De 15h00 à 18h00. N’oubliez pas de prévoir une tenue adéquate (Vestiaire et douches sur place)",
                    },
                    Object {
                      "category": 2,
                      "header": "Diner",
                      "key": 5,
                      "picture": "diner.jpg",
                      "text": "Vous pourrez vous installer dans la salle principale à partir de 19h00. Nous vous proposons de déguster un repas 100% végétarien",
                    },
                    Object {
                      "category": 2,
                      "header": "Soirée",
                      "key": 6,
                      "picture": "soiree.jpg",
                      "text": "C'est le moment d’enflammer la piste de danse ! Les festivités s’arrêteront vers 4h00 (N'oubliez pas de consulter la page hébergements pour savoir ou dormir)",
                    },
                    Object {
                      "category": 3,
                      "header": "Brunch",
                      "key": 7,
                      "picture": "brunch.jpg",
                      "text": "Dimanche 1 Septembre à partir de 11h00. La journée sera placée sous le thème de la détente. N’oubliez pas vos maillots de bain",
                    },
                  ]
                }
                onClickHandler={[Function]}
              />,
              Array [],
              <CarouselControl
                direction="prev"
                directionText="Previous"
                onClickHandler={[Function]}
              />,
              <CarouselControl
                direction="next"
                directionText="Next"
                onClickHandler={[Function]}
              />,
            ],
            "interval": false,
            "keyboard": true,
            "next": [Function],
            "pause": "hover",
            "previous": [Function],
            "slide": true,
          },
          "ref": null,
          "rendered": Array [
            Object {
              "instance": null,
              "key": undefined,
              "nodeType": "function",
              "props": Object {
                "activeIndex": 0,
                "items": Array [
                  Object {
                    "category": 1,
                    "header": "Anouk & Thibault",
                    "key": 1,
                    "picture": "union.jpg",
                    "text": "S’unissent pour le meilleur et pour le pire le 31 Août 2019 au domaine de Saint-Jean de Chépy",
                  },
                  Object {
                    "category": 1,
                    "header": "Cérémonie",
                    "key": 2,
                    "picture": "ceremonie.jpg",
                    "text": "Nous vous donnons rendez-vous à 10h45 au domaine de Saint-Jean de Chépy. La cérémonie débutera à 11h00 sous le chapiteau",
                  },
                  Object {
                    "category": 1,
                    "header": "Le vin d'honneur",
                    "key": 3,
                    "picture": "vin-honneur.jpg",
                    "text": "Se déroulera de 13h00 à 15h00. Une activité « guest book » aura lieu dans l’après-midi. Nous aimerions que chaque invité, couple, famille apporte une photo qui lui est chère",
                  },
                  Object {
                    "category": 1,
                    "header": "Activités sportives",
                    "key": 4,
                    "picture": "sport.jpg",
                    "text": "De 15h00 à 18h00. N’oubliez pas de prévoir une tenue adéquate (Vestiaire et douches sur place)",
                  },
                  Object {
                    "category": 2,
                    "header": "Diner",
                    "key": 5,
                    "picture": "diner.jpg",
                    "text": "Vous pourrez vous installer dans la salle principale à partir de 19h00. Nous vous proposons de déguster un repas 100% végétarien",
                  },
                  Object {
                    "category": 2,
                    "header": "Soirée",
                    "key": 6,
                    "picture": "soiree.jpg",
                    "text": "C'est le moment d’enflammer la piste de danse ! Les festivités s’arrêteront vers 4h00 (N'oubliez pas de consulter la page hébergements pour savoir ou dormir)",
                  },
                  Object {
                    "category": 3,
                    "header": "Brunch",
                    "key": 7,
                    "picture": "brunch.jpg",
                    "text": "Dimanche 1 Septembre à partir de 11h00. La journée sera placée sous le thème de la détente. N’oubliez pas vos maillots de bain",
                  },
                ],
                "onClickHandler": [Function],
              },
              "ref": null,
              "rendered": null,
              "type": [Function],
            },
            Object {
              "instance": null,
              "key": undefined,
              "nodeType": "function",
              "props": Object {
                "direction": "prev",
                "directionText": "Previous",
                "onClickHandler": [Function],
              },
              "ref": null,
              "rendered": null,
              "type": [Function],
            },
            Object {
              "instance": null,
              "key": undefined,
              "nodeType": "function",
              "props": Object {
                "direction": "next",
                "directionText": "Next",
                "onClickHandler": [Function],
              },
              "ref": null,
              "rendered": null,
              "type": [Function],
            },
          ],
          "type": [Function],
        },
      ],
      "type": [Function],
    },
  ],
  Symbol(enzyme.__options__): Object {
    "adapter": ReactSixteenAdapter {
      "options": Object {
        "enableComponentDidUpdateOnSetState": true,
        "lifecycles": Object {
          "componentDidUpdate": Object {
            "onSetState": true,
          },
          "getDerivedStateFromProps": true,
          "getSnapshotBeforeUpdate": true,
          "setState": Object {
            "skipsComponentDidUpdateOnNullish": true,
          },
        },
      },
    },
  },
}
`;
